// Jest Snapshot v1, https://goo.gl/fbAQLP

exports[`DragonProfile renders correctly 1`] = `
<li
  className="dragon-reserved"
>
  Falcon 9
</li>
`;
